# meminfo分析
```
#cat /proc/meminfo
MemTotal:        3949260 kB
MemFree:         3770764 kB
MemAvailable:    3799552 kB
Buffers:           10784 kB
Cached:            71708 kB
SwapCached:            0 kB
Active:            99220 kB
Inactive:          44256 kB
Active(anon):      61092 kB
Inactive(anon):     8340 kB
Active(file):      38128 kB
Inactive(file):    35916 kB
Unevictable:           0 kB
Mlocked:               0 kB
SwapTotal:             0 kB
SwapFree:              0 kB
Dirty:                40 kB
Writeback:             0 kB
AnonPages:         61004 kB
Mapped:            32040 kB
Shmem:              8452 kB
Slab:              18224 kB
SReclaimable:      10680 kB
SUnreclaim:         7544 kB
KernelStack:        1356 kB
PageTables:         3292 kB
NFS_Unstable:          0 kB
Bounce:                0 kB
WritebackTmp:          0 kB
CommitLimit:     1974628 kB
Committed_AS:     253828 kB
VmallocTotal:   34359738367 kB
VmallocUsed:           0 kB
VmallocChunk:          0 kB
HugePages_Total:       0
HugePages_Free:        0
HugePages_Rsvd:        0
HugePages_Surp:        0
Hugepagesize:       2048 kB
DirectMap4k:       14080 kB
DirectMap2M:     4081664 kB
```

## memtotal
memtotal表示系统总的管理内存, 他不是物理内存, 是指buddy的总内存, 是bootmem释放出来的, 内核变量是totalram_pages, 记录多少个页, proc输出的时候是以kb来输出, 有个计算的过程, 比如说有个函数free_all_bootmem就是干这个的
